../Core/Src/main.c:59:6:Clear_simbol	24	static
../Core/Src/main.c:73:6:Animation	88	static
../Core/Src/main.c:136:6:Send_Smile	96	static
../Core/Src/main.c:196:6:Send_command	16	static
../Core/Src/main.c:202:6:Oled_SetCursor	16	static
../Core/Src/main.c:208:6:Send_Data	16	static
../Core/Src/main.c:216:6:Oled_Clear	16	static
../Core/Src/main.c:232:6:Oled_Test	16	static
../Core/Src/main.c:247:6:Oled_Init	8	static
../Core/Src/main.c:302:5:main	8	static
../Core/Src/main.c:351:6:SystemClock_Config	72	static
../Core/Src/main.c:388:13:MX_SPI1_Init	8	static
../Core/Src/main.c:426:13:MX_GPIO_Init	40	static
../Core/Src/main.c:461:6:Error_Handler	4	static,ignoring_inline_asm
